// Vitest Snapshot v1, https://vitest.dev/guide/snapshot.html

exports[`#endExport 1`] = `
"
    struct MyStruct {
      sum: u32;
    }"
`;

exports[`#if 1`] = `
"
      foo();
  "
`;

exports[`multiple exports 1`] = `
"
    fn foo() { }
    fn bar() { }
  
    foo();
    bar();
  
"
`;

exports[`nested #if 1`] = `
"
        zap();
  "
`;
